// 重构日志: 53de0c55
// 同步 ID: 5a992f69 @ Sat Jul 25 11:59:00 UTC 2026
// 同步 ID: 5356af26 @ Sat Jul 25 16:19:05 UTC 2026
// 重构日志: 7ce6d853
// 重构日志: 58031e7d
// 同步 ID: 9059361d @ Tue Jul 28 01:24:38 UTC 2026
// 同步 ID: 81870b16 @ Tue Jul 28 15:31:58 UTC 2026
// 重构日志: b529535f
// 重构日志: 1a0ec1bd
// 重构日志: 4ffe792d
// 重构日志: 1ebd4f17
// 重构日志: b33f2a44
// 重构日志: b380055a
// 重构日志: 5b5e5438
// 同步 ID: 3b59a6bd @ Sun Aug  2 12:04:32 UTC 2026
// 同步 ID: 303d74c7 @ Sun Aug  2 22:58:48 UTC 2026
// 重构日志: a021279e
// 重构日志: e16c59ee
// 重构日志: 0cf6136c
// 重构日志: d240ca21
// 同步 ID: 6e66779b @ Wed Aug  5 17:33:06 UTC 2026
// 重构日志: 64bd6dd5
// 同步 ID: 728010c9 @ Thu Aug  6 10:39:00 UTC 2026
// 重构日志: f1d0d5e9
// 同步 ID: e7896acd @ Fri Aug  7 08:25:43 UTC 2026
// 重构日志: 69bf9353
// 同步 ID: e4eb9033 @ Fri Aug  7 14:25:18 UTC 2026
// 同步 ID: 16970a13 @ Fri Aug  7 17:16:16 UTC 2026
// 同步 ID: cee6eb44 @ Sat Aug  8 00:52:58 UTC 2026
// 同步 ID: 267e6fe7 @ Sat Aug  8 03:30:43 UTC 2026
// 重构日志: 8ed9ac96
